Testing hardcoded config from database.js...
Server: DESKTOP-EIBD1L0\SQLEXPRESS

Testing .env config...
Server: DESKTOP-EIBD1L0\SQLEXPRESS06
node : Γ¥î Hardcoded config 
failed: Login failed for user 
'Emaya'.  Reason: The password 
of the account has expired.
At line:1 char:1
+ node test-connection.js > 
test_output.txt 2>&1; 
Get-Content test_outp ...
+ ~~~~~~~~~~~~~~~~~~~~~~~~~~~~~~
~~~~~~~~~~~~~~~~
    + CategoryInfo          : N 
   otSpecified: (Γ¥î Hardcoded  
   c...nt has expired.:String   
 ) [], RemoteException
    + FullyQualifiedErrorId : N 
   ativeCommandError
 
Γ¥î .env config failed: Login 
failed for user 'Emaya'.  
Reason: The password of the 
account has expired.
